
#### JVM参数

-verbose:gc -Xms20M -Xmx20M -Xmn10M -XX:+PrintGCDetails -XX:SurvivorRatio=8 -XX:+UseSerialGC -XX:MaxTenuringThreshold=1

#### GC 日志

```text
[GC (Allocation Failure) [DefNew: 7385K->1024K(9216K), 0.0038685 secs] 7385K->5274K(19456K), 0.0039161 secs] [Times: user=0.00 sys=0.00, real=0.00 secs] 
[GC (Allocation Failure) [DefNew: 5120K->0K(9216K), 0.0013784 secs] 9370K->5274K(19456K), 0.0013998 secs] [Times: user=0.00 sys=0.00, real=0.00 secs] 
Heap
 def new generation   total 9216K, used 4178K [0x00000000fec00000, 0x00000000ff600000, 0x00000000ff600000)
  eden space 8192K,  51% used [0x00000000fec00000, 0x00000000ff014930, 0x00000000ff400000)
  from space 1024K,   0% used [0x00000000ff400000, 0x00000000ff400000, 0x00000000ff500000)
  to   space 1024K,   0% used [0x00000000ff500000, 0x00000000ff500000, 0x00000000ff600000)
 tenured generation   total 10240K, used 5274K [0x00000000ff600000, 0x0000000100000000, 0x0000000100000000)
   the space 10240K,  51% used [0x00000000ff600000, 0x00000000ffb26900, 0x00000000ffb26a00, 0x0000000100000000)
 Metaspace       used 3274K, capacity 4496K, committed 4864K, reserved 1056768K
  class space    used 356K, capacity 388K, committed 512K, reserved 1048576K
```

##### 设置MaxTenuringThreshold=1
设置年龄界限为1，一次gc后， allocation1 和 allocation2 会进入老年代里

##### 设置MaxTenuringThreshold=15
设置年龄界限为15，一次gc后， allocation1 和 allocation2 会进入from区里
